[loader-opt] env: {'git_sha': '1347e37f3901f7ebfeaabe88d62df612b8d46ed9', 'torch': '2.9.1+cu128', 'triton': '3.5.1', 'mamba_ssm': '2.3.0', 'gpu_name': 'NVIDIA H100 NVL', 'hostname': 'sess3', 'cuda_visible_devices': '1'}
[common] data-path override: '/scratch/colliderml/arxiv_retraining/p200_core_kf_hits_finetune' -> '/scratch/colliderml/arxiv_retraining/p200_core_kf_matched_finetune'

===== PART 1 · loader knob sweep (SUSTAINED wall-clock tracks/s) =====
-- stage 1: batch x workers (pin=True, prefetch=2) --
  batch workers    tracks/s
   8192       8     444,191
   8192      16     725,256
   8192      32     828,028
   8192      48     958,157
   8192      64     806,778
  32768       8     458,130
  32768      16     798,499
  32768      32   1,091,929
  32768      48     930,693
  32768      64   1,066,965
-- stage 2: prefetch x pin at batch=32768, workers=32 --
prefetch    pin    tracks/s
       2   True   1,073,771
       2  False   1,342,502
       4   True   1,118,840
       4  False   1,198,819
       8   True   1,081,897
       8  False   1,346,571

>>> best loader: batch=32768 workers=32 pin=False prefetch=8  ->  1,346,571 tracks/s

===== PART 2 · true end-to-end wall-clock (loader + H2D + v5pc) =====
[bench] --random-weights: skipping checkpoint load (random init; timing-only, NOT physics-valid)
[bench] params: 1.028 M   weights: RANDOM INIT
[bench] warmup 25/40
[bench] iter 25/200
[bench] iter 50/200
[bench] iter 75/200
[bench] iter 100/200
[bench] iter 125/200
[bench] iter 150/200
[bench] iter 175/200
[bench] iter 200/200
compute-only @batch32768: 36.882 ms/batch -> 888,454 tracks/s
end-to-end wall-clock: 8,497,680 tracks in 15.1s -> 564,511 tracks/s
loader standalone (best): 1,346,571 tracks/s

>>> end-to-end = 64% of compute-only (still input-bound)

[loader-opt] SUMMARY: {'batch': 32768, 'workers': 32, 'pin': False, 'prefetch': 8, 'loader_tps': 1346571, 'compute_tps': 888454, 'e2e_tps': 564511, 'pct_of_compute': 63.5}
